// Jest Snapshot v1, https://goo.gl/fbAQLP

exports[`ButtonArrow matches wrapper snapshot: wrapper mount 1`] = `
.c0 {
  display: block;
}

<ButtonArrow
  fill="currentColor"
  title="ButtonArrow"
>
  <SVG
    fill="currentColor"
    title="ButtonArrow"
    viewBox="0 0 706 860"
    width="100%"
  >
    <SVGBase__StyledSvg
      fill="currentColor"
      height="100%"
      version="1.1"
      viewBox="0 0 706 860"
      width="100%"
    >
      <svg
        className="c0"
        fill="currentColor"
        height="100%"
        version="1.1"
        viewBox="0 0 706 860"
        width="100%"
      >
        <title>
          ButtonArrow
        </title>
        <g>
          <path
            d="M.152 0h252.993l452.108 430H452.261z"
          />
          <path
            d="M0 860h252.993L705.1 430H452.108z"
            fillOpacity="0.5"
          />
        </g>
      </svg>
    </SVGBase__StyledSvg>
  </SVG>
</ButtonArrow>
`;
