// Jest Snapshot v1, https://goo.gl/fbAQLP

exports[`RelatedItems matches wrapper snapshot: wrapper mount 1`] = `
.c1 {
  color: #0b0c0c;
  font-family: "nta",Arial,sans-serif;
  -webkit-font-smoothing: antialiased;
  -moz-osx-font-smoothing: grayscale;
  font-weight: 700;
  font-size: 18px;
  line-height: 1.1111111111111112;
  display: block;
  margin-top: 0;
  margin-bottom: 15px;
}

.c5 {
  font-family: "nta",Arial,sans-serif;
  -webkit-font-smoothing: antialiased;
  -moz-osx-font-smoothing: grayscale;
  font-weight: 400;
  font-size: 16px;
  line-height: 1.25;
  margin-bottom: 5px;
}

.c3 {
  font-family: "nta",Arial,sans-serif;
  -webkit-font-smoothing: antialiased;
  -moz-osx-font-smoothing: grayscale;
  font-weight: 400;
  font-size: 16px;
  line-height: 1.25;
  color: #0b0c0c;
  margin-top: 0;
  margin-bottom: 15px;
  list-style-type: none;
  padding-left: 0;
}

.c2 .c2 {
  margin-top: 10px;
}

.c3 > .c4 {
  margin-bottom: 5px;
}

.c6 {
  font-family: "nta",Arial,sans-serif;
  -webkit-font-smoothing: antialiased;
  -moz-osx-font-smoothing: grayscale;
}

.c6:focus {
  outline: 3px solid #ffdd00;
  outline-offset: 0;
  background-color: #ffdd00;
}

.c6:link {
  color: #1d70b8;
}

.c6:visited {
  color: #4c2c92;
}

.c6:hover {
  color: #2b8cc4;
}

.c6:active {
  color: #2b8cc4;
}

.c6:focus {
  color: #0b0c0c;
}

.c0 {
  border-top: 10px solid #1d70b8;
  padding-top: 5px;
  width: 100%;
  margin-bottom: 0;
}

.c0 > h3 {
  margin-bottom: 10px;
}

.c0 > ul {
  margin-bottom: 20px;
}

.c0 > ul > li {
  margin-bottom: calc(10px + 2px);
}

@media print {
  .c1 {
    color: #000;
  }
}

@media print {
  .c1 {
    font-size: 18px;
    line-height: 1.15;
  }
}

@media only screen and (min-width:641px) {
  .c1 {
    font-size: 24px;
    line-height: 1.25;
  }
}

@media only screen and (min-width:641px) {
  .c1 {
    margin-bottom: 20px;
  }
}

@media print {
  .c5 {
    font-size: 14px;
    line-height: 1.15;
  }
}

@media only screen and (min-width:641px) {
  .c5 {
    font-size: 19px;
    line-height: 1.3157894736842106;
  }
}

@media print {
  .c3 {
    font-size: 14px;
    line-height: 1.15;
  }
}

@media only screen and (min-width:641px) {
  .c3 {
    font-size: 19px;
    line-height: 1.3157894736842106;
  }
}

@media print {
  .c3 {
    color: #000;
  }
}

@media only screen and (min-width:641px) {
  .c3 {
    margin-bottom: 20px;
  }
}

@media print {
  .c6 {
    font-family: sans-serif;
  }
}

@media print {
  .c6[href^="/"]::after,
  .c6[href^="http://"]::after,
  .c6[href^="https://"]::after {
    content: " (" attr(href) ")";
    font-size: 90%;
    word-wrap: break-word;
  }
}

@media only screen and (min-width:641px) {
  .c0 {
    font-size: 16px;
    line-height: 1.25;
  }
}

@media only screen and (min-width:641px) {
  .c0 {
    margin-bottom: 0;
  }
}

<RelatedItems>
  <div
    className="c0"
  >
    <H3>
      <Heading
        as="h3"
        size="MEDIUM"
      >
        <heading__StyledHeading
          as="h3"
          size="MEDIUM"
        >
          <h3
            className="c1"
            size="MEDIUM"
          >
            Travel abroad
          </h3>
        </heading__StyledHeading>
      </Heading>
    </H3>
    <UnorderedList
      listStyleType="none"
    >
      <OrderedList
        as="ul"
        listStyleType="none"
      >
        <ul
          className="c2 c3"
        >
          <ListItem>
            <li
              className="c4 c5"
            >
              <Link
                href="https://example.com"
                muted={false}
                noVisitedState={false}
                textColour={false}
              >
                <a
                  className="c6"
                  href="https://example.com"
                >
                  Link A
                </a>
              </Link>
            </li>
          </ListItem>
          <ListItem>
            <li
              className="c4 c5"
            >
              <Link
                href="https://example.com"
                muted={false}
                noVisitedState={false}
                textColour={false}
              >
                <a
                  className="c6"
                  href="https://example.com"
                >
                  Link B
                </a>
              </Link>
            </li>
          </ListItem>
          <ListItem>
            <li
              className="c4 c5"
            >
              <Link
                href="https://example.com"
                muted={false}
                noVisitedState={false}
                textColour={false}
              >
                <a
                  className="c6"
                  href="https://example.com"
                >
                  <strong>
                    more
                  </strong>
                </a>
              </Link>
            </li>
          </ListItem>
        </ul>
      </OrderedList>
    </UnorderedList>
  </div>
</RelatedItems>
`;
