// Jest Snapshot v1, https://goo.gl/fbAQLP

exports[`ArrowRight matches wrapper snapshot: wrapper mount 1`] = `
.c0 {
  display: block;
}

<ArrowLeft
  fill="currentColor"
  title="arrow left"
>
  <SVG
    fill="currentColor"
    title="arrow left"
    viewBox="-0.2 0 17 14"
    width="100%"
  >
    <SVGBase__StyledSvg
      fill="currentColor"
      height="100%"
      version="1.1"
      viewBox="-0.2 0 17 14"
      width="100%"
    >
      <svg
        className="c0"
        fill="currentColor"
        height="100%"
        version="1.1"
        viewBox="-0.2 0 17 14"
        width="100%"
      >
        <title>
          arrow left
        </title>
        <path
          d="m6.5938-0.0078125-6.7266 6.7266 6.7441 6.4062 1.377-1.449-4.1856-3.9768h12.896v-2h-12.984l4.2931-4.293-1.414-1.414z"
        />
      </svg>
    </SVGBase__StyledSvg>
  </SVG>
</ArrowLeft>
`;
