// Jest Snapshot v1, https://goo.gl/fbAQLP

exports[`Panel matches wrapper snapshot: wrapper mount 1`] = `
.c0 {
  font-family: "nta",Arial,sans-serif;
  -webkit-font-smoothing: antialiased;
  -moz-osx-font-smoothing: grayscale;
  font-weight: 400;
  font-size: 16px;
  line-height: 1.25;
  box-sizing: border-box;
  margin-bottom: 15px;
  padding: 25px;
  border: 5px solid transparent;
  text-align: center;
  color: #ffffff;
  background: #00703c;
}

.c1 {
  margin-top: 0;
  margin-bottom: 30px;
  font-family: "nta",Arial,sans-serif;
  -webkit-font-smoothing: antialiased;
  -moz-osx-font-smoothing: grayscale;
  font-weight: 700;
  font-size: 32px;
  line-height: 1.09375;
}

.c1:last-child {
  margin-bottom: 0;
}

.c2 {
  font-family: "nta",Arial,sans-serif;
  -webkit-font-smoothing: antialiased;
  -moz-osx-font-smoothing: grayscale;
  font-weight: 400;
  font-size: 24px;
  line-height: 1.0416666666666667;
}

@media print {
  .c0 {
    font-size: 14px;
    line-height: 1.15;
  }
}

@media only screen and (min-width:641px) {
  .c0 {
    font-size: 19px;
    line-height: 1.3157894736842106;
  }
}

@media only screen and (min-width:641px) {
  .c0 {
    padding: 35px;
  }
}

@media print {
  .c1 {
    font-size: 32px;
    line-height: 1.15;
  }
}

@media only screen and (min-width:641px) {
  .c1 {
    font-size: 48px;
    line-height: 1.0416666666666667;
  }
}

@media print {
  .c2 {
    font-size: 24px;
    line-height: 1.05;
  }
}

@media only screen and (min-width:641px) {
  .c2 {
    font-size: 36px;
    line-height: 1.1111111111111112;
  }
}

<Panel
  title="Example"
>
  <src__StyledPanel>
    <div
      className="c0"
    >
      <src__StyledTitle>
        <h1
          className="c1"
        >
          Example
        </h1>
      </src__StyledTitle>
      <src__StyledBody>
        <div
          className="c2"
        >
          body
        </div>
      </src__StyledBody>
    </div>
  </src__StyledPanel>
</Panel>
`;
