// Jest Snapshot v1, https://goo.gl/fbAQLP

exports[`SectionBreak matches snapshot: section break 1`] = `
.c0 {
  margin: 0;
  border: 0;
  margin-top: 20px;
  margin-bottom: 20px;
  border-bottom: 1px solid #bfc1c3;
}

@media only screen and (min-width:641px) {
  .c0 {
    margin-top: 30px;
    margin-bottom: 30px;
  }
}

<SectionBreak
  level="LARGE"
  visible={true}
>
  <hr
    className="c0"
  />
</SectionBreak>
`;
