// Jest Snapshot v1, https://goo.gl/fbAQLP

exports[`DocumentFooterMetadata matches snapshot: enzyme.mount 1`] = `
.c3 {
  font-family: "nta",Arial,sans-serif;
  -webkit-font-smoothing: antialiased;
  -moz-osx-font-smoothing: grayscale;
  font-weight: 400;
  font-size: 16px;
  line-height: 1.25;
  color: #0b0c0c;
  margin-top: 0;
  margin-bottom: 15px;
  list-style-type: none;
  padding-left: 0;
}

.c2 .c2 {
  margin-top: 10px;
}

.c0 {
  font-family: "nta",Arial,sans-serif;
}

.c4 {
  font-size: 24px;
  font-weight: 700;
  line-height: 1.25;
}

.c4 > a {
  -webkit-text-decoration: none;
  text-decoration: none;
}

.c1 {
  margin-bottom: 0;
}

@media print {
  .c3 {
    font-size: 14px;
    line-height: 1.15;
  }
}

@media only screen and (min-width:641px) {
  .c3 {
    font-size: 19px;
    line-height: 1.3157894736842106;
  }
}

@media print {
  .c3 {
    color: #000;
  }
}

@media only screen and (min-width:641px) {
  .c3 {
    margin-bottom: 20px;
  }
}

<DocumentFooterMetadata
  partOf={
    Array [
      "example",
      "exampleexample",
    ]
  }
>
  <src__StyledContainer>
    <div
      className="c0"
    >
      <src__StyledContainer>
        <div
          className="c0"
        />
      </src__StyledContainer>
      <src__StyledContainer>
        <div
          className="c0"
        >
          <div>
            <src__StyledParagraph>
              <p
                className="c1"
              >
                Part of:
              </p>
            </src__StyledParagraph>
            <UnorderedList
              listStyleType="none"
            >
              <OrderedList
                as="ul"
                listStyleType="none"
              >
                <ul
                  className="c2 c3"
                >
                  <src__StyledDefinition
                    key=".0"
                  >
                    <li
                      className="c4"
                    >
                      example
                    </li>
                  </src__StyledDefinition>
                  <src__StyledDefinition
                    key=".1"
                  >
                    <li
                      className="c4"
                    >
                      exampleexample
                    </li>
                  </src__StyledDefinition>
                </ul>
              </OrderedList>
            </UnorderedList>
          </div>
        </div>
      </src__StyledContainer>
      <src__StyledContainer>
        <div
          className="c0"
        />
      </src__StyledContainer>
    </div>
  </src__StyledContainer>
</DocumentFooterMetadata>
`;
