// Jest Snapshot v1, https://goo.gl/fbAQLP

exports[`SVG matches wrapper snapshot: wrapper mount 1`] = `
<SVG
  fill="currentColor"
  width="100%"
>
  <svg
    fill="currentColor"
    height="100%"
    style={
      Object {
        "display": "block",
      }
    }
    version="1.1"
    width="100%"
  >
    <title />
    Example
  </svg>
</SVG>
`;
