// Jest Snapshot v1, https://goo.gl/fbAQLP

exports[`ArrowRight matches wrapper snapshot: wrapper mount 1`] = `
.c0 {
  display: block;
}

<ArrowRight
  fill="currentColor"
  title="arrow right"
>
  <SVG
    fill="currentColor"
    title="arrow right"
    viewBox="0 0 17 14"
    width="100%"
  >
    <SVGBase__StyledSvg
      fill="currentColor"
      height="100%"
      version="1.1"
      viewBox="0 0 17 14"
      width="100%"
    >
      <svg
        className="c0"
        fill="currentColor"
        height="100%"
        version="1.1"
        viewBox="0 0 17 14"
        width="100%"
      >
        <title>
          arrow right
        </title>
        <path
          d="m10.107-0.0078125-1.4136 1.414 4.2926 4.293h-12.986v2h12.896l-4.1855 3.9766 1.377 1.4492 6.7441-6.4062-6.7246-6.7266z"
        />
      </svg>
    </SVGBase__StyledSvg>
  </SVG>
</ArrowRight>
`;
