// Jest Snapshot v1, https://goo.gl/fbAQLP

exports[`ListItem matches wrapper snapshot: list item mount 1`] = `
.c0 {
  font-family: "nta",Arial,sans-serif;
  -webkit-font-smoothing: antialiased;
  -moz-osx-font-smoothing: grayscale;
  font-weight: 400;
  font-size: 16px;
  line-height: 1.25;
  margin-bottom: 5px;
}

@media print {
  .c0 {
    font-size: 14px;
    line-height: 1.15;
  }
}

@media only screen and (min-width:641px) {
  .c0 {
    font-size: 19px;
    line-height: 1.3157894736842106;
  }
}

<src__ListItem>
  <li
    className="c0"
  >
    example
  </li>
</src__ListItem>
`;
