// Jest Snapshot v1, https://goo.gl/fbAQLP

exports[`Paragraph matches wrapper snapshot 1`] = `
<Paragraph
  linkRenderer={[Function]}
  supportingText={true}
>
  <src__StyledParagraph
    allowedTypes={
      Array [
        "paragraph",
        "emphasis",
        "strong",
        "link",
        "inlineCode",
        "code",
        "text",
      ]
    }
    escapeHtml={false}
    linkRenderer={[Function]}
    renderers={
      Object {
        "link": [Function],
      }
    }
    skipHtml={true}
    source="Some basic text"
    supportingText={true}
  >
    <ReactMarkdown
      allowedTypes={
        Array [
          "paragraph",
          "emphasis",
          "strong",
          "link",
          "inlineCode",
          "code",
          "text",
        ]
      }
      className="src__StyledParagraph-sc-sgc9po-0 crTLg"
      escapeHtml={false}
      linkRenderer={[Function]}
      renderers={
        Object {
          "link": [Function],
        }
      }
      skipHtml={true}
      source="Some basic text"
      supportingText={true}
      transformLinkUri={[Function]}
    >
      <Root
        className="src__StyledParagraph-sc-sgc9po-0 crTLg"
        key="root-1-1-0"
        node={
          Object {
            "children": Array [
              Object {
                "children": Array [
                  Object {
                    "position": Object {
                      "end": Object {
                        "column": 16,
                        "line": 1,
                        "offset": 15,
                      },
                      "start": Object {
                        "column": 1,
                        "line": 1,
                        "offset": 0,
                      },
                    },
                    "type": "text",
                    "value": "Some basic text",
                  },
                ],
                "position": Object {
                  "end": Object {
                    "column": 16,
                    "line": 1,
                    "offset": 15,
                  },
                  "start": Object {
                    "column": 1,
                    "line": 1,
                    "offset": 0,
                  },
                },
                "type": "paragraph",
              },
            ],
            "position": Object {
              "end": Object {
                "column": 16,
                "line": 1,
                "offset": 15,
              },
              "start": Object {
                "column": 1,
                "line": 1,
                "offset": 0,
              },
            },
            "type": "root",
          }
        }
      >
        <div
          className="src__StyledParagraph-sc-sgc9po-0 crTLg"
        >
          <p
            key="paragraph-1-1-0"
          >
            <TextRenderer
              key="text-1-1-0"
              node={
                Object {
                  "position": Object {
                    "end": Object {
                      "column": 16,
                      "line": 1,
                      "offset": 15,
                    },
                    "start": Object {
                      "column": 1,
                      "line": 1,
                      "offset": 0,
                    },
                  },
                  "type": "text",
                  "value": "Some basic text",
                }
              }
              nodeKey="text-1-1-0"
              value="Some basic text"
            >
              Some basic text
            </TextRenderer>
          </p>
        </div>
      </Root>
    </ReactMarkdown>
  </src__StyledParagraph>
</Paragraph>
`;
