// Jest Snapshot v1, https://goo.gl/fbAQLP

exports[`Label matches withError snapshot: with error mount 1`] = `
.c0 {
  display: -webkit-box;
  display: -webkit-flex;
  display: -ms-flexbox;
  display: flex;
  -webkit-flex-direction: column;
  -ms-flex-direction: column;
  flex-direction: column;
  box-sizing: border-box;
  border-left: 4px solid #d4351c;
  margin-right: 15px;
  padding-left: 10px;
  margin-bottom: 0;
}

.c0:after {
  content: '';
  display: table;
  clear: both;
}

@media only screen and (min-width:641px) {
  .c0 {
    margin-bottom: 0;
  }
}

<Label
  error={true}
>
  <src__StyledLabel
    error={true}
  >
    <label
      className="c0"
    >
      example
    </label>
  </src__StyledLabel>
</Label>
`;

exports[`Label matches wrapper snapshot: wrapper mount 1`] = `
.c0 {
  display: -webkit-box;
  display: -webkit-flex;
  display: -ms-flexbox;
  display: flex;
  -webkit-flex-direction: column;
  -ms-flex-direction: column;
  flex-direction: column;
  box-sizing: border-box;
  margin-bottom: 0;
}

.c0:after {
  content: '';
  display: table;
  clear: both;
}

@media only screen and (min-width:641px) {
  .c0 {
    margin-bottom: 0;
  }
}

<Label
  error={false}
>
  <src__StyledLabel
    error={false}
  >
    <label
      className="c0"
    >
      example
    </label>
  </src__StyledLabel>
</Label>
`;
