// Jest Snapshot v1, https://goo.gl/fbAQLP

exports[`Main matches wrapper snapshot 1`] = `
<Main>
  <src__OuterContainer>
    <div
      className="src__OuterContainer-sc-1lvyroj-0 gCrlSn"
    >
      <src__InnerContainer>
        <div
          className="src__InnerContainer-sc-1lvyroj-1 joqrYg"
        >
          <span>
            Example
          </span>
        </div>
      </src__InnerContainer>
    </div>
  </src__OuterContainer>
</Main>
`;
